{
  "generator": "analyze-css v0.12.1",
  "metrics": {
    "base64Length": 0,
    "redundantBodySelectors": 0,
    "redundantChildNodesSelectors": 0,
    "colors": 1,
    "comments": 135,
    "commentsLength": 5974,
    "complexSelectors": 0,
    "complexSelectorsByAttribute": 4,
    "duplicatedSelectors": 0,
    "duplicatedProperties": 0,
    "emptyRules": 0,
    "expressions": 0,
    "oldIEFixes": 0,
    "imports": 0,
    "importants": 7,
    "mediaQueries": 0,
    "notMinified": 1,
    "multiClassesSelectors": 0,
    "parsingErrors": 0,
    "oldPropertyPrefixes": 0,
    "propertyResets": 0,
    "qualifiedSelectors": 0,
    "specificityIdAvg": 0,
    "specificityIdTotal": 0,
    "specificityClassAvg": 1.02,
    "specificityClassTotal": 135,
    "specificityTagAvg": 0.96,
    "specificityTagTotal": 128,
    "selectors": 133,
    "selectorLengthAvg": 1,
    "selectorsByAttribute": 4,
    "selectorsByClass": 131,
    "selectorsById": 0,
    "selectorsByPseudo": 128,
    "selectorsByTag": 0,
    "universalSelectors": 2,
    "length": 13642,
    "rules": 131,
    "declarations": 153
  },
  "offenders": {
    "complexSelectorsByAttribute": [
      "[class^=\"icon2-\"] @ 10:1",
      "[class*=\" icon2-\"] @ 10:1",
      "[class^=\"icon2-\"].pgHeader @ 25:1",
      "[class*=\" icon2-\"].pgHeader @ 25:1"
    ],
    "universalSelectors": [
      "[class^=\"icon2-\"] @ 10:1",
      "[class*=\" icon2-\"] @ 10:1"
    ],
    "importants": [
      "[class^=\"icon2-\"], [class*=\" icon2-\"] {font-family: 'Icon-mycompany-UNIFY' !important} @ 12:3",
      "[class^=\"icon2-\"], [class*=\" icon2-\"] {display: inline-block !important} @ 19:3",
      "[class^=\"icon2-\"].pgHeader, [class*=\" icon2-\"].pgHeader {z-index: 1 !important} @ 26:3",
      "[class^=\"icon2-\"].pgHeader, [class*=\" icon2-\"].pgHeader {width: 30px !important} @ 28:3",
      "[class^=\"icon2-\"].pgHeader, [class*=\" icon2-\"].pgHeader {color: #009EE5 !important} @ 29:3",
      "[class^=\"icon2-\"].pgHeader, [class*=\" icon2-\"].pgHeader {font-weight: normal !important} @ 31:3",
      ".brand-auto {font-family: 'Icon-mycompany-UNIFY' !important} @ 36:3"
    ],
    "colors": [
      "#009ee5 (1 times)"
    ]
  }
}